******************************************************************************
             TMS320C2000 Linker PC v6.4.2                      
******************************************************************************
>> Linked Sun Oct 30 16:51:50 2016

OUTPUT FILE NAME:   <AD.out>
ENTRY POINT SYMBOL: "code_start"  address: 0033fff6


MEMORY CONFIGURATION

         name            origin    length      used     unused   attr    fill
----------------------  --------  ---------  --------  --------  ----  --------
PAGE 0:
  ZONE0                 00004000   00001000  00000000  00001000  RWIX
  RAML012               00008000   00003000  00001bf9  00001407  RWIX
  RAML3                 0000b000   00001000  00000000  00001000  RWIX
  ZONE6                 00100000   00100000  00000000  00100000  RWIX
  ZONE7A                00200000   0000fc00  00000000  0000fc00  RWIX
  FLASHH2D              00320000   00010000  00001bf9  0000e407  RWIX
  FLASHC                00334000   00004000  00000000  00004000  RWIX
  FLASHA                0033c000   00003f80  00000f62  0000301e  RWIX
  CSM_RSVD              0033ff80   00000076  00000076  00000000  RWIX
  BEGIN                 0033fff6   00000002  00000002  00000000  RWIX
  CSM_PWL               0033fff8   00000008  00000008  00000000  RWIX
  ADC_CAL               00380080   00000009  00000007  00000002  RWIX
  OTP                   00380400   00000400  00000000  00000400  RWIX
  IQTABLES              003fe000   00000b50  00000000  00000b50  RWIX
  IQTABLES2             003feb50   0000008c  00000000  0000008c  RWIX
  FPUTABLES             003febdc   000006a0  00000000  000006a0  RWIX
  ROM                   003ff27c   00000d44  00000000  00000d44  RWIX
  RESET                 003fffc0   00000002  00000000  00000002  RWIX
  VECTORS               003fffc2   0000003e  00000000  0000003e  RWIX

PAGE 1:
  BOOT_RSVD             00000000   00000050  00000000  00000050  RWIX
  RAMM0                 00000050   000003b0  00000000  000003b0  RWIX
  RAMM1                 00000400   00000400  000003e8  00000018  RWIX
  DEV_EMU               00000880   00000180  000000d0  000000b0  RWIX
  FLASH_REGS            00000a80   00000060  00000008  00000058  RWIX
  CSM                   00000ae0   00000010  00000010  00000000  RWIX
  ADC_MIRROR            00000b00   00000010  00000010  00000000  RWIX
  XINTF                 00000b20   00000020  0000001e  00000002  RWIX
  CPU_TIMER0            00000c00   00000008  00000008  00000000  RWIX
  CPU_TIMER1            00000c08   00000008  00000008  00000000  RWIX
  CPU_TIMER2            00000c10   00000008  00000008  00000000  RWIX
  PIE_CTRL              00000ce0   00000020  0000001a  00000006  RWIX
  PIE_VECT              00000d00   00000100  00000100  00000000  RWIX
  DMA                   00001000   00000200  000000e0  00000120  RWIX
  MCBSPA                00005000   00000040  00000025  0000001b  RWIX
  MCBSPB                00005040   00000040  00000025  0000001b  RWIX
  ECANA                 00006000   00000040  00000034  0000000c  RWIX
  ECANA_LAM             00006040   00000040  00000040  00000000  RWIX
  ECANA_MOTS            00006080   00000040  00000040  00000000  RWIX
  ECANA_MOTO            000060c0   00000040  00000040  00000000  RWIX
  ECANA_MBOX            00006100   00000100  00000100  00000000  RWIX
  ECANB                 00006200   00000040  00000034  0000000c  RWIX
  ECANB_LAM             00006240   00000040  00000040  00000000  RWIX
  ECANB_MOTS            00006280   00000040  00000040  00000000  RWIX
  ECANB_MOTO            000062c0   00000040  00000040  00000000  RWIX
  ECANB_MBOX            00006300   00000100  00000100  00000000  RWIX
  EPWM1                 00006800   00000022  00000022  00000000  RWIX
  EPWM2                 00006840   00000022  00000022  00000000  RWIX
  EPWM3                 00006880   00000022  00000022  00000000  RWIX
  EPWM4                 000068c0   00000022  00000022  00000000  RWIX
  EPWM5                 00006900   00000022  00000022  00000000  RWIX
  EPWM6                 00006940   00000022  00000022  00000000  RWIX
  ECAP1                 00006a00   00000020  00000020  00000000  RWIX
  ECAP2                 00006a20   00000020  00000020  00000000  RWIX
  ECAP3                 00006a40   00000020  00000020  00000000  RWIX
  ECAP4                 00006a60   00000020  00000020  00000000  RWIX
  ECAP5                 00006a80   00000020  00000020  00000000  RWIX
  ECAP6                 00006aa0   00000020  00000020  00000000  RWIX
  EQEP1                 00006b00   00000040  00000040  00000000  RWIX
  EQEP2                 00006b40   00000040  00000040  00000000  RWIX
  GPIOCTRL              00006f80   00000040  0000002e  00000012  RWIX
  GPIODAT               00006fc0   00000020  00000020  00000000  RWIX
  GPIOINT               00006fe0   00000020  0000000a  00000016  RWIX
  SYSTEM                00007010   00000020  00000020  00000000  RWIX
  SPIA                  00007040   00000010  00000010  00000000  RWIX
  SCIA                  00007050   00000010  00000010  00000000  RWIX
  XINTRUPT              00007070   00000010  00000010  00000000  RWIX
  ADC                   00007100   00000020  0000001e  00000002  RWIX
  SCIB                  00007750   00000010  00000010  00000000  RWIX
  SCIC                  00007770   00000010  00000010  00000000  RWIX
  I2CA                  00007900   00000040  00000022  0000001e  RWIX
  RAML4567              0000c000   00004000  00003eb9  00000147  RWIX
  ZONE7B                0020fc00   00000400  00000000  00000400  RWIX
  FLASHB                00338000   00004000  00000000  00004000  RWIX
  CSM_PWL               0033fff8   00000008  00000008  00000000  RWIX


SECTION ALLOCATION MAP

 output                                  attributes/
section   page    origin      length       input sections
--------  ----  ----------  ----------   ----------------
ramfuncs   0    00320000    00001bf9     RUN ADDR = 00008000
                  00320000    00001a61     main.obj (ramfuncs)
                  00321a61    00000179     main.obj (ramfuncs:retain)
                  00321bda    0000001b     DSP2833x_SysCtrl.obj (ramfuncs)
                  00321bf5    00000004     DSP2833x_usDelay.obj (ramfuncs)

.text      0    0033c000    00000ce5     
                  0033c000    00000496     main.obj (.text)
                  0033c496    00000323     DSP2833x_DefaultIsr.obj (.text:retain)
                  0033c7b9    000000f8     DSP2833x_SysCtrl.obj (.text)
                  0033c8b1    00000088     rts2800_fpu32.lib : fs_div.obj (.text)
                  0033c939    0000007c                       : asin.obj (.text)
                  0033c9b5    00000076                       : acos.obj (.text)
                  0033ca2b    00000072                       : atan.obj (.text)
                  0033ca9d    00000062                       : tan.obj (.text)
                  0033caff    00000061                       : cos.obj (.text)
                  0033cb60    00000058                       : sin.obj (.text)
                  0033cbb8    00000046                       : boot.obj (.text)
                  0033cbfe    00000028     DSP2833x_PieCtrl.obj (.text)
                  0033cc26    00000024     rts2800_fpu32.lib : sqrt.obj (.text)
                  0033cc4a    00000022     DSP2833x_PieVect.obj (.text)
                  0033cc6c    00000022     rts2800_fpu32.lib : i_div.obj (.text)
                  0033cc8e    00000019                       : args_main.obj (.text)
                  0033cca7    00000019                       : exit.obj (.text)
                  0033ccc0    00000014     DSP2833x_Adc.obj (.text)
                  0033ccd4    00000009     rts2800_fpu32.lib : _lock.obj (.text)
                  0033ccdd    00000008     DSP2833x_CodeStartBranch.obj (.text)

.cinit     0    0033cce5    00000169     
                  0033cce5    0000014f     main.obj (.cinit)
                  0033ce34    0000000a     rts2800_fpu32.lib : exit.obj (.cinit)
                  0033ce3e    00000005                       : _lock.obj (.cinit:__lock)
                  0033ce43    00000005                       : _lock.obj (.cinit:__unlock)
                  0033ce48    00000004                       : errno.obj (.cinit)
                  0033ce4c    00000002     --HOLE-- [fill = 0]

.pinit     0    0033c000    00000000     UNINITIALIZED

.econst    0    0033ce4e    00000114     
                  0033ce4e    00000100     DSP2833x_PieVect.obj (.econst)
                  0033cf4e    00000008     rts2800_fpu32.lib : atan.obj (.econst:_a$1)
                  0033cf56    00000004                       : acos.obj (.econst:_b$1)
                  0033cf5a    00000004                       : asin.obj (.econst:_c$1)
                  0033cf5e    00000004                       : acos.obj (.econst:_c$2)

csm_rsvd   0    0033ff80    00000076     
                  0033ff80    00000076     DSP2833x_CSMPasswords.obj (csm_rsvd)

codestart 
*          0    0033fff6    00000002     
                  0033fff6    00000002     DSP2833x_CodeStartBranch.obj (codestart)

csmpasswds 
*          0    0033fff8    00000008     
                  0033fff8    00000008     DSP2833x_CSMPasswords.obj (csmpasswds)

.stack     1    00000400    000003e8     UNINITIALIZED
                  00000400    000003e8     --HOLE--

.ebss      1    0000c000    00003eb9     UNINITIALIZED
                  0000c000    00003e98     main.obj (.ebss)
                  0000fe98    00000018     DSP2833x_CpuTimers.obj (.ebss)
                  0000feb0    00000004     rts2800_fpu32.lib : exit.obj (.ebss)
                  0000feb4    00000002                       : _lock.obj (.ebss:__lock)
                  0000feb6    00000002                       : _lock.obj (.ebss:__unlock)
                  0000feb8    00000001                       : errno.obj (.ebss)

.reset     0    003fffc0    00000002     DSECT
                  003fffc0    00000002     rts2800_fpu32.lib : boot.obj (.reset)

vectors    0    003fffc2    00000000     DSECT

.adc_cal   0    00380080    00000007     NOLOAD SECTION
                  00380080    00000007     DSP2833x_ADC_cal.obj (.adc_cal)

DevEmuRegsFile 
*          1    00000880    000000d0     UNINITIALIZED
                  00000880    000000d0     DSP2833x_GlobalVariableDefs.obj (DevEmuRegsFile)

FlashRegsFile 
*          1    00000a80    00000008     UNINITIALIZED
                  00000a80    00000008     DSP2833x_GlobalVariableDefs.obj (FlashRegsFile)

CsmRegsFile 
*          1    00000ae0    00000010     UNINITIALIZED
                  00000ae0    00000010     DSP2833x_GlobalVariableDefs.obj (CsmRegsFile)

AdcMirrorFile 
*          1    00000b00    00000010     UNINITIALIZED
                  00000b00    00000010     DSP2833x_GlobalVariableDefs.obj (AdcMirrorFile)

XintfRegsFile 
*          1    00000b20    0000001e     UNINITIALIZED
                  00000b20    0000001e     DSP2833x_GlobalVariableDefs.obj (XintfRegsFile)

CpuTimer0RegsFile 
*          1    00000c00    00000008     UNINITIALIZED
                  00000c00    00000008     DSP2833x_GlobalVariableDefs.obj (CpuTimer0RegsFile)

CpuTimer1RegsFile 
*          1    00000c08    00000008     UNINITIALIZED
                  00000c08    00000008     DSP2833x_GlobalVariableDefs.obj (CpuTimer1RegsFile)

CpuTimer2RegsFile 
*          1    00000c10    00000008     UNINITIALIZED
                  00000c10    00000008     DSP2833x_GlobalVariableDefs.obj (CpuTimer2RegsFile)

PieCtrlRegsFile 
*          1    00000ce0    0000001a     UNINITIALIZED
                  00000ce0    0000001a     DSP2833x_GlobalVariableDefs.obj (PieCtrlRegsFile)

PieVectTableFile 
*          1    00000d00    00000100     UNINITIALIZED
                  00000d00    00000100     DSP2833x_GlobalVariableDefs.obj (PieVectTableFile)

DmaRegsFile 
*          1    00001000    000000e0     UNINITIALIZED
                  00001000    000000e0     DSP2833x_GlobalVariableDefs.obj (DmaRegsFile)

McbspaRegsFile 
*          1    00005000    00000025     UNINITIALIZED
                  00005000    00000025     DSP2833x_GlobalVariableDefs.obj (McbspaRegsFile)

McbspbRegsFile 
*          1    00005040    00000025     UNINITIALIZED
                  00005040    00000025     DSP2833x_GlobalVariableDefs.obj (McbspbRegsFile)

ECanaRegsFile 
*          1    00006000    00000034     UNINITIALIZED
                  00006000    00000034     DSP2833x_GlobalVariableDefs.obj (ECanaRegsFile)

ECanaLAMRegsFile 
*          1    00006040    00000040     UNINITIALIZED
                  00006040    00000040     DSP2833x_GlobalVariableDefs.obj (ECanaLAMRegsFile)

ECanaMOTSRegsFile 
*          1    00006080    00000040     UNINITIALIZED
                  00006080    00000040     DSP2833x_GlobalVariableDefs.obj (ECanaMOTSRegsFile)

ECanaMOTORegsFile 
*          1    000060c0    00000040     UNINITIALIZED
                  000060c0    00000040     DSP2833x_GlobalVariableDefs.obj (ECanaMOTORegsFile)

ECanaMboxesFile 
*          1    00006100    00000100     UNINITIALIZED
                  00006100    00000100     DSP2833x_GlobalVariableDefs.obj (ECanaMboxesFile)

ECanbRegsFile 
*          1    00006200    00000034     UNINITIALIZED
                  00006200    00000034     DSP2833x_GlobalVariableDefs.obj (ECanbRegsFile)

ECanbLAMRegsFile 
*          1    00006240    00000040     UNINITIALIZED
                  00006240    00000040     DSP2833x_GlobalVariableDefs.obj (ECanbLAMRegsFile)

ECanbMOTSRegsFile 
*          1    00006280    00000040     UNINITIALIZED
                  00006280    00000040     DSP2833x_GlobalVariableDefs.obj (ECanbMOTSRegsFile)

ECanbMOTORegsFile 
*          1    000062c0    00000040     UNINITIALIZED
                  000062c0    00000040     DSP2833x_GlobalVariableDefs.obj (ECanbMOTORegsFile)

ECanbMboxesFile 
*          1    00006300    00000100     UNINITIALIZED
                  00006300    00000100     DSP2833x_GlobalVariableDefs.obj (ECanbMboxesFile)

EPwm1RegsFile 
*          1    00006800    00000022     UNINITIALIZED
                  00006800    00000022     DSP2833x_GlobalVariableDefs.obj (EPwm1RegsFile)

EPwm2RegsFile 
*          1    00006840    00000022     UNINITIALIZED
                  00006840    00000022     DSP2833x_GlobalVariableDefs.obj (EPwm2RegsFile)

EPwm3RegsFile 
*          1    00006880    00000022     UNINITIALIZED
                  00006880    00000022     DSP2833x_GlobalVariableDefs.obj (EPwm3RegsFile)

EPwm4RegsFile 
*          1    000068c0    00000022     UNINITIALIZED
                  000068c0    00000022     DSP2833x_GlobalVariableDefs.obj (EPwm4RegsFile)

EPwm5RegsFile 
*          1    00006900    00000022     UNINITIALIZED
                  00006900    00000022     DSP2833x_GlobalVariableDefs.obj (EPwm5RegsFile)

EPwm6RegsFile 
*          1    00006940    00000022     UNINITIALIZED
                  00006940    00000022     DSP2833x_GlobalVariableDefs.obj (EPwm6RegsFile)

ECap1RegsFile 
*          1    00006a00    00000020     UNINITIALIZED
                  00006a00    00000020     DSP2833x_GlobalVariableDefs.obj (ECap1RegsFile)

ECap2RegsFile 
*          1    00006a20    00000020     UNINITIALIZED
                  00006a20    00000020     DSP2833x_GlobalVariableDefs.obj (ECap2RegsFile)

ECap3RegsFile 
*          1    00006a40    00000020     UNINITIALIZED
                  00006a40    00000020     DSP2833x_GlobalVariableDefs.obj (ECap3RegsFile)

ECap4RegsFile 
*          1    00006a60    00000020     UNINITIALIZED
                  00006a60    00000020     DSP2833x_GlobalVariableDefs.obj (ECap4RegsFile)

ECap5RegsFile 
*          1    00006a80    00000020     UNINITIALIZED
                  00006a80    00000020     DSP2833x_GlobalVariableDefs.obj (ECap5RegsFile)

ECap6RegsFile 
*          1    00006aa0    00000020     UNINITIALIZED
                  00006aa0    00000020     DSP2833x_GlobalVariableDefs.obj (ECap6RegsFile)

EQep1RegsFile 
*          1    00006b00    00000040     UNINITIALIZED
                  00006b00    00000040     DSP2833x_GlobalVariableDefs.obj (EQep1RegsFile)

EQep2RegsFile 
*          1    00006b40    00000040     UNINITIALIZED
                  00006b40    00000040     DSP2833x_GlobalVariableDefs.obj (EQep2RegsFile)

GpioCtrlRegsFile 
*          1    00006f80    0000002e     UNINITIALIZED
                  00006f80    0000002e     DSP2833x_GlobalVariableDefs.obj (GpioCtrlRegsFile)

GpioDataRegsFile 
*          1    00006fc0    00000020     UNINITIALIZED
                  00006fc0    00000020     DSP2833x_GlobalVariableDefs.obj (GpioDataRegsFile)

GpioIntRegsFile 
*          1    00006fe0    0000000a     UNINITIALIZED
                  00006fe0    0000000a     DSP2833x_GlobalVariableDefs.obj (GpioIntRegsFile)

SysCtrlRegsFile 
*          1    00007010    00000020     UNINITIALIZED
                  00007010    00000020     DSP2833x_GlobalVariableDefs.obj (SysCtrlRegsFile)

SpiaRegsFile 
*          1    00007040    00000010     UNINITIALIZED
                  00007040    00000010     DSP2833x_GlobalVariableDefs.obj (SpiaRegsFile)

SciaRegsFile 
*          1    00007050    00000010     UNINITIALIZED
                  00007050    00000010     DSP2833x_GlobalVariableDefs.obj (SciaRegsFile)

XIntruptRegsFile 
*          1    00007070    00000010     UNINITIALIZED
                  00007070    00000010     DSP2833x_GlobalVariableDefs.obj (XIntruptRegsFile)

AdcRegsFile 
*          1    00007100    0000001e     UNINITIALIZED
                  00007100    0000001e     DSP2833x_GlobalVariableDefs.obj (AdcRegsFile)

ScibRegsFile 
*          1    00007750    00000010     UNINITIALIZED
                  00007750    00000010     DSP2833x_GlobalVariableDefs.obj (ScibRegsFile)

ScicRegsFile 
*          1    00007770    00000010     UNINITIALIZED
                  00007770    00000010     DSP2833x_GlobalVariableDefs.obj (ScicRegsFile)

I2caRegsFile 
*          1    00007900    00000022     UNINITIALIZED
                  00007900    00000022     DSP2833x_GlobalVariableDefs.obj (I2caRegsFile)

CsmPwlFile 
*          1    0033fff8    00000008     UNINITIALIZED
                  0033fff8    00000008     DSP2833x_GlobalVariableDefs.obj (CsmPwlFile)


GLOBAL DATA SYMBOLS: SORTED BY DATA PAGE

address     data page           name
--------    ----------------    ----
00000400      10 (00000400)     __stack

00000880      22 (00000880)     _DevEmuRegs

00000a80      2a (00000a80)     _FlashRegs

00000ae0      2b (00000ac0)     _CsmRegs

00000b00      2c (00000b00)     _AdcMirror
00000b20      2c (00000b00)     _XintfRegs

00000c00      30 (00000c00)     _CpuTimer0Regs
00000c08      30 (00000c00)     _CpuTimer1Regs
00000c10      30 (00000c00)     _CpuTimer2Regs

00000ce0      33 (00000cc0)     _PieCtrlRegs

00000d00      34 (00000d00)     _PieVectTable

00001000      40 (00001000)     _DmaRegs

00005000     140 (00005000)     _McbspaRegs

00005040     141 (00005040)     _McbspbRegs

00006000     180 (00006000)     _ECanaRegs

00006040     181 (00006040)     _ECanaLAMRegs

00006080     182 (00006080)     _ECanaMOTSRegs

000060c0     183 (000060c0)     _ECanaMOTORegs

00006100     184 (00006100)     _ECanaMboxes

00006200     188 (00006200)     _ECanbRegs

00006240     189 (00006240)     _ECanbLAMRegs

00006280     18a (00006280)     _ECanbMOTSRegs

000062c0     18b (000062c0)     _ECanbMOTORegs

00006300     18c (00006300)     _ECanbMboxes

00006800     1a0 (00006800)     _EPwm1Regs

00006840     1a1 (00006840)     _EPwm2Regs

00006880     1a2 (00006880)     _EPwm3Regs

000068c0     1a3 (000068c0)     _EPwm4Regs

00006900     1a4 (00006900)     _EPwm5Regs

00006940     1a5 (00006940)     _EPwm6Regs

00006a00     1a8 (00006a00)     _ECap1Regs
00006a20     1a8 (00006a00)     _ECap2Regs

00006a40     1a9 (00006a40)     _ECap3Regs
00006a60     1a9 (00006a40)     _ECap4Regs

00006a80     1aa (00006a80)     _ECap5Regs
00006aa0     1aa (00006a80)     _ECap6Regs

00006b00     1ac (00006b00)     _EQep1Regs

00006b40     1ad (00006b40)     _EQep2Regs

00006f80     1be (00006f80)     _GpioCtrlRegs

00006fc0     1bf (00006fc0)     _GpioDataRegs
00006fe0     1bf (00006fc0)     _GpioIntRegs

00007010     1c0 (00007000)     _SysCtrlRegs

00007040     1c1 (00007040)     _SpiaRegs
00007050     1c1 (00007040)     _SciaRegs
00007070     1c1 (00007040)     _XIntruptRegs

00007100     1c4 (00007100)     _AdcRegs

00007750     1dd (00007740)     _ScibRegs
00007770     1dd (00007740)     _ScicRegs

00007900     1e4 (00007900)     _I2caRegs

0000c000     300 (0000c000)     _gScriptLineNum
0000c006     300 (0000c000)     _gScriptToRun
0000c007     300 (0000c000)     _gErrCode
0000c008     300 (0000c000)     _gPureVarNum
0000c009     300 (0000c000)     _gConstVarNum
0000c00a     300 (0000c000)     _gTsHappen
0000c00b     300 (0000c000)     _gnAdZeroCnt

0000c094     302 (0000c080)     _gAdSampleOffset

0000c0c0     303 (0000c0c0)     _gAdSampleValue

0000c100     304 (0000c100)     _gFunAddr

0000c200     308 (0000c200)     _gVar

0000c400     310 (0000c400)     _gScript

0000fe98     3fa (0000fe80)     _CpuTimer1
0000fea0     3fa (0000fe80)     _CpuTimer2
0000fea8     3fa (0000fe80)     _CpuTimer0
0000feb0     3fa (0000fe80)     ___TI_cleanup_ptr
0000feb2     3fa (0000fe80)     ___TI_dtors_ptr
0000feb4     3fa (0000fe80)     __lock
0000feb6     3fa (0000fe80)     __unlock
0000feb8     3fa (0000fe80)     _errno

0033ce4e    cf39 (0033ce40)     _PieVectTableInit

0033fff8    cfff (0033ffc0)     _CsmPwl


GLOBAL SYMBOLS: SORTED ALPHABETICALLY BY Name 

page  address   name                  
----  -------   ----                  
0     0033c000  .text                 
0     0033cca7  C$$EXIT               
0     0033c8b1  FS$$DIV               
0     0033cc6c  I$$DIV                
0     0033cc7d  I$$MOD                
0     000082d2  _ABtoDQ               
0     00008296  _ABtoXY               
0     0033c57c  _ADCINT_ISR           
0     00380080  _ADC_cal              
1     00000b00  _AdcMirror            
1     00007100  _AdcRegs              
1     0000fea8  _CpuTimer0            
1     00000c00  _CpuTimer0Regs        
1     0000fe98  _CpuTimer1            
1     00000c08  _CpuTimer1Regs        
1     0000fea0  _CpuTimer2            
1     00000c10  _CpuTimer2Regs        
1     0033fff8  _CsmPwl               
1     00000ae0  _CsmRegs              
0     0033c880  _CsmUnlock            
0     0033c4aa  _DATALOG_ISR          
0     0033c69e  _DINTCH1_ISR          
0     0033c6a8  _DINTCH2_ISR          
0     0033c6b2  _DINTCH3_ISR          
0     0033c6bc  _DINTCH4_ISR          
0     0033c6c6  _DINTCH5_ISR          
0     0033c6d0  _DINTCH6_ISR          
0     0000833b  _DQtoAB               
0     00009bf5  _DSP28x_usDelay       
1     00000880  _DevEmuRegs           
0     0033c7cc  _DisableDog           
1     00001000  _DmaRegs              
0     0033c72a  _ECAN0INTA_ISR        
0     0033c73e  _ECAN0INTB_ISR        
0     0033c734  _ECAN1INTA_ISR        
0     0033c748  _ECAN1INTB_ISR        
0     0033c612  _ECAP1_INT_ISR        
0     0033c61c  _ECAP2_INT_ISR        
0     0033c626  _ECAP3_INT_ISR        
0     0033c630  _ECAP4_INT_ISR        
0     0033c63a  _ECAP5_INT_ISR        
0     0033c644  _ECAP6_INT_ISR        
1     00006040  _ECanaLAMRegs         
1     000060c0  _ECanaMOTORegs        
1     00006080  _ECanaMOTSRegs        
1     00006100  _ECanaMboxes          
1     00006000  _ECanaRegs            
1     00006240  _ECanbLAMRegs         
1     000062c0  _ECanbMOTORegs        
1     00006280  _ECanbMOTSRegs        
1     00006300  _ECanbMboxes          
1     00006200  _ECanbRegs            
1     00006a00  _ECap1Regs            
1     00006a20  _ECap2Regs            
1     00006a40  _ECap3Regs            
1     00006a60  _ECap4Regs            
1     00006a80  _ECap5Regs            
1     00006aa0  _ECap6Regs            
0     0033c798  _EMPTY_ISR            
0     0033c4be  _EMUINT_ISR           
0     0033c5d6  _EPWM1_INT_ISR        
0     0033c59a  _EPWM1_TZINT_ISR      
0     0033c5e0  _EPWM2_INT_ISR        
0     0033c5a4  _EPWM2_TZINT_ISR      
0     0033c5ea  _EPWM3_INT_ISR        
0     0033c5ae  _EPWM3_TZINT_ISR      
0     0033c5f4  _EPWM4_INT_ISR        
0     0033c5b8  _EPWM4_TZINT_ISR      
0     0033c5fe  _EPWM5_INT_ISR        
0     0033c5c2  _EPWM5_TZINT_ISR      
0     0033c608  _EPWM6_INT_ISR        
0     0033c5cc  _EPWM6_TZINT_ISR      
1     00006800  _EPwm1Regs            
1     00006840  _EPwm2Regs            
1     00006880  _EPwm3Regs            
1     000068c0  _EPwm4Regs            
1     00006900  _EPwm5Regs            
1     00006940  _EPwm6Regs            
0     0033c64e  _EQEP1_INT_ISR        
0     0033c658  _EQEP2_INT_ISR        
1     00006b00  _EQep1Regs            
1     00006b40  _EQep2Regs            
0     0033cc1d  _EnableInterrupts     
1     00000a80  _FlashRegs            
1     00006f80  _GpioCtrlRegs         
1     00006fc0  _GpioDataRegs         
1     00006fe0  _GpioIntRegs          
0     0033c6da  _I2CINT1A_ISR         
0     0033c6e4  _I2CINT2A_ISR         
1     00007900  _I2caRegs             
0     0033c4d2  _ILLEGAL_ISR          
0     0033c496  _INT13_ISR            
0     0033c4a0  _INT14_ISR            
0     0033ccc0  _InitAdc              
0     00009bda  _InitFlash            
0     0033c825  _InitPeripheralClocks 
0     0033cbfe  _InitPieCtrl          
0     0033cc4a  _InitPieVectTable     
0     0033c7d4  _InitPll              
0     0033c7b9  _InitSysCtrl          
0     0033c78e  _LUF_ISR              
0     0033c784  _LVF_ISR              
0     0033c68a  _MRINTA_ISR           
0     0033c676  _MRINTB_ISR           
0     0033c694  _MXINTA_ISR           
0     0033c680  _MXINTB_ISR           
1     00005000  _McbspaRegs           
1     00005040  _McbspbRegs           
0     0033c44c  _MemCopy              
0     0033c4c8  _NMI_ISR              
0     0033c7a5  _PIE_RESERVED         
1     00000ce0  _PieCtrlRegs          
1     00000d00  _PieVectTable         
0     0033ce4e  _PieVectTableInit     
0     0033c4b4  _RTOSINT_ISR          
0     00321bf9  _RamfuncsLoadEnd      
0     00320000  _RamfuncsLoadStart    
0     00008000  _RamfuncsRunStart     
0     0033c702  _SCIRXINTA_ISR        
0     0033c716  _SCIRXINTB_ISR        
0     0033c6ee  _SCIRXINTC_ISR        
0     0033c70c  _SCITXINTA_ISR        
0     0033c720  _SCITXINTB_ISR        
0     0033c6f8  _SCITXINTC_ISR        
0     0033c554  _SEQ1INT_ISR          
0     0033c55e  _SEQ2INT_ISR          
0     0033c662  _SPIRXINTA_ISR        
0     0033c66c  _SPITXINTA_ISR        
1     00007050  _SciaRegs             
1     00007750  _ScibRegs             
1     00007770  _ScicRegs             
0     0033c7c2  _ServiceDog           
1     00007040  _SpiaRegs             
1     00007010  _SysCtrlRegs          
0     0033c586  _TINT0_ISR            
0     0033c536  _USER10_ISR           
0     0033c540  _USER11_ISR           
0     0033c54a  _USER12_ISR           
0     0033c4dc  _USER1_ISR            
0     0033c4e6  _USER2_ISR            
0     0033c4f0  _USER3_ISR            
0     0033c4fa  _USER4_ISR            
0     0033c504  _USER5_ISR            
0     0033c50e  _USER6_ISR            
0     0033c518  _USER7_ISR            
0     0033c522  _USER8_ISR            
0     0033c52c  _USER9_ISR            
0     0033c590  _WAKEINT_ISR          
0     0033c568  _XINT1_ISR            
0     0033c572  _XINT2_ISR            
0     0033c752  _XINT3_ISR            
0     0033c75c  _XINT4_ISR            
0     0033c766  _XINT5_ISR            
0     0033c770  _XINT6_ISR            
0     0033c77a  _XINT7_ISR            
1     00007070  _XIntruptRegs         
0     000082b5  _XYtoAB               
1     00000b20  _XintfRegs            
1     000007e8  __STACK_END           
abs   000003e8  __STACK_SIZE          
1     0000feb0  ___TI_cleanup_ptr     
1     0000feb2  ___TI_dtors_ptr       
abs   ffffffff  ___binit__            
abs   ffffffff  ___c_args__           
0     0033cce5  ___cinit__            
0     0033cce5  ___etext__            
abs   ffffffff  ___pinit__            
0     0033c000  ___text__             
0     0033cc8e  __args_main           
1     0000feb4  __lock                
0     0033ccdc  __nop                 
0     0033ccd8  __register_lock       
0     0033ccd4  __register_unlock     
1     00000400  __stack               
1     0000feb6  __unlock              
0     0033cca7  _abort                
0     0033c9b5  _acos                 
0     0033c939  _asin                 
0     0033ca2b  _atan                 
0     0033cbb8  _c_int00              
0     0033caff  _cos                  
0     00009a61  _epwm1CallBack        
1     0000feb8  _errno                
0     0033cca9  _exit                 
1     0000c094  _gAdSampleOffset      
1     0000c0c0  _gAdSampleValue       
1     0000c009  _gConstVarNum         
1     0000c007  _gErrCode             
1     0000c100  _gFunAddr             
1     0000c008  _gPureVarNum          
1     0000c400  _gScript              
1     0000c000  _gScriptLineNum       
1     0000c006  _gScriptToRun         
1     0000c00a  _gTsHappen            
1     0000c200  _gVar                 
0     00009905  _ggADSample           
0     00008118  _ggChangePwmXRatio    
0     00009700  _ggCommuWithPcSoftware
0     0033c437  _ggEnableInt          
0     00008092  _ggEnablePwm          
0     0033c090  _ggEraseExFlash       
0     0000960d  _ggExeCurrentScript   
0     000083bb  _ggFun0               
0     000083c0  _ggFun1               
0     00008505  _ggFun10              
0     00009327  _ggFun100             
0     00009352  _ggFun101             
0     00009374  _ggFun102             
0     00009396  _ggFun103             
0     000093db  _ggFun104             
0     000093fd  _ggFun105             
0     0000941f  _ggFun106             
0     00009464  _ggFun107             
0     00009469  _ggFun108             
0     0000946e  _ggFun109             
0     00008522  _ggFun11              
0     00009490  _ggFun110             
0     000094b2  _ggFun111             
0     000094f7  _ggFun112             
0     00009519  _ggFun113             
0     0000953b  _ggFun114             
0     00009580  _ggFun115             
0     00009585  _ggFun116             
0     0000958a  _ggFun117             
0     0000958f  _ggFun118             
0     00009594  _ggFun119             
0     0000853f  _ggFun12              
0     00009599  _ggFun120             
0     0000959e  _ggFun121             
0     000095d5  _ggFun122             
0     0000855c  _ggFun13              
0     0000858f  _ggFun14              
0     000085e5  _ggFun15              
0     000086b0  _ggFun16              
0     0000877b  _ggFun17              
0     00008780  _ggFun18              
0     000087a0  _ggFun19              
0     000083d6  _ggFun2               
0     000087c0  _ggFun20              
0     000087e0  _ggFun21              
0     00008800  _ggFun22              
0     00008820  _ggFun23              
0     00008840  _ggFun24              
0     00008861  _ggFun25              
0     00008882  _ggFun26              
0     000088a3  _ggFun27              
0     000088c4  _ggFun28              
0     000088e5  _ggFun29              
0     000083f9  _ggFun3               
0     00008906  _ggFun30              
0     0000892f  _ggFun31              
0     00008958  _ggFun32              
0     00008981  _ggFun33              
0     000089aa  _ggFun34              
0     000089d3  _ggFun35              
0     000089fc  _ggFun36              
0     00008a25  _ggFun37              
0     00008a4e  _ggFun38              
0     00008a77  _ggFun39              
0     0000841c  _ggFun4               
0     00008aa0  _ggFun40              
0     00008ac9  _ggFun41              
0     00008af2  _ggFun42              
0     00008b1b  _ggFun43              
0     00008b44  _ggFun44              
0     00008b6d  _ggFun45              
0     00008b96  _ggFun46              
0     00008bba  _ggFun47              
0     00008bde  _ggFun48              
0     00008c02  _ggFun49              
0     0000843f  _ggFun5               
0     00008c26  _ggFun50              
0     00008c4a  _ggFun51              
0     00008c6e  _ggFun52              
0     00008c92  _ggFun53              
0     00008cb6  _ggFun54              
0     00008cda  _ggFun55              
0     00008cfe  _ggFun56              
0     00008d22  _ggFun57              
0     00008d46  _ggFun58              
0     00008d6a  _ggFun59              
0     00008491  _ggFun6               
0     00008d8e  _ggFun60              
0     00008db2  _ggFun61              
0     00008dd6  _ggFun62              
0     00008dfc  _ggFun63              
0     00008e22  _ggFun64              
0     00008e80  _ggFun65              
0     00008eca  _ggFun66              
0     00008efa  _ggFun67              
0     00008f2a  _ggFun68              
0     00008f67  _ggFun69              
0     000084ae  _ggFun7               
0     00008fa3  _ggFun70              
0     00008fdf  _ggFun71              
0     0000901b  _ggFun72              
0     00009057  _ggFun73              
0     00009093  _ggFun74              
0     000090cf  _ggFun75              
0     0000910b  _ggFun76              
0     00009147  _ggFun77              
0     00009183  _ggFun78              
0     0000918f  _ggFun79              
0     000084cb  _ggFun8               
0     0000919b  _ggFun80              
0     000091a7  _ggFun81              
0     000091b3  _ggFun82              
0     000091bf  _ggFun83              
0     000091cb  _ggFun84              
0     000091d7  _ggFun85              
0     000091e3  _ggFun86              
0     000091ef  _ggFun87              
0     000091fb  _ggFun88              
0     00009201  _ggFun89              
0     000084e8  _ggFun9               
0     00009207  _ggFun90              
0     0000921e  _ggFun91              
0     00009232  _ggFun92              
0     00009246  _ggFun93              
0     0000925a  _ggFun94              
0     0000926e  _ggFun95              
0     00009282  _ggFun96              
0     00009296  _ggFun97              
0     000092cf  _ggFun98              
0     00009300  _ggFun99              
0     00009a1e  _ggLedSpark           
0     0000817d  _ggLoadExFlashCode    
0     00009a49  _ggLoopForEver        
0     00008000  _ggPIController       
0     0000805e  _ggPIRunAndReset      
0     0033c000  _ggResetAllVar        
0     00008399  _ggRevBufIsLegal      
0     00009634  _ggSciaSendUntilOver  
0     0033c0ef  _ggUserParaSetup      
0     0033c055  _ggWriteExFlash       
0     00009642  _ggWriteScriptToFlash 
1     0000c00b  _gnAdZeroCnt          
0     0033c461  _main                 
0     0033c7af  _rsvd_ISR             
0     0033cb60  _sin                  
0     0033cc26  _sqrt                 
0     0033ca9d  _tan                  
abs   ffffffff  binit                 
0     0033cce5  cinit                 
0     0033fff6  code_start            
0     0033cce5  etext                 
abs   ffffffff  pinit                 


GLOBAL SYMBOLS: SORTED BY Symbol Address 

page  address   name                  
----  -------   ----                  
0     00008000  _RamfuncsRunStart     
0     00008000  _ggPIController       
0     0000805e  _ggPIRunAndReset      
0     00008092  _ggEnablePwm          
0     00008118  _ggChangePwmXRatio    
0     0000817d  _ggLoadExFlashCode    
0     00008296  _ABtoXY               
0     000082b5  _XYtoAB               
0     000082d2  _ABtoDQ               
0     0000833b  _DQtoAB               
0     00008399  _ggRevBufIsLegal      
0     000083bb  _ggFun0               
0     000083c0  _ggFun1               
0     000083d6  _ggFun2               
0     000083f9  _ggFun3               
0     0000841c  _ggFun4               
0     0000843f  _ggFun5               
0     00008491  _ggFun6               
0     000084ae  _ggFun7               
0     000084cb  _ggFun8               
0     000084e8  _ggFun9               
0     00008505  _ggFun10              
0     00008522  _ggFun11              
0     0000853f  _ggFun12              
0     0000855c  _ggFun13              
0     0000858f  _ggFun14              
0     000085e5  _ggFun15              
0     000086b0  _ggFun16              
0     0000877b  _ggFun17              
0     00008780  _ggFun18              
0     000087a0  _ggFun19              
0     000087c0  _ggFun20              
0     000087e0  _ggFun21              
0     00008800  _ggFun22              
0     00008820  _ggFun23              
0     00008840  _ggFun24              
0     00008861  _ggFun25              
0     00008882  _ggFun26              
0     000088a3  _ggFun27              
0     000088c4  _ggFun28              
0     000088e5  _ggFun29              
0     00008906  _ggFun30              
0     0000892f  _ggFun31              
0     00008958  _ggFun32              
0     00008981  _ggFun33              
0     000089aa  _ggFun34              
0     000089d3  _ggFun35              
0     000089fc  _ggFun36              
0     00008a25  _ggFun37              
0     00008a4e  _ggFun38              
0     00008a77  _ggFun39              
0     00008aa0  _ggFun40              
0     00008ac9  _ggFun41              
0     00008af2  _ggFun42              
0     00008b1b  _ggFun43              
0     00008b44  _ggFun44              
0     00008b6d  _ggFun45              
0     00008b96  _ggFun46              
0     00008bba  _ggFun47              
0     00008bde  _ggFun48              
0     00008c02  _ggFun49              
0     00008c26  _ggFun50              
0     00008c4a  _ggFun51              
0     00008c6e  _ggFun52              
0     00008c92  _ggFun53              
0     00008cb6  _ggFun54              
0     00008cda  _ggFun55              
0     00008cfe  _ggFun56              
0     00008d22  _ggFun57              
0     00008d46  _ggFun58              
0     00008d6a  _ggFun59              
0     00008d8e  _ggFun60              
0     00008db2  _ggFun61              
0     00008dd6  _ggFun62              
0     00008dfc  _ggFun63              
0     00008e22  _ggFun64              
0     00008e80  _ggFun65              
0     00008eca  _ggFun66              
0     00008efa  _ggFun67              
0     00008f2a  _ggFun68              
0     00008f67  _ggFun69              
0     00008fa3  _ggFun70              
0     00008fdf  _ggFun71              
0     0000901b  _ggFun72              
0     00009057  _ggFun73              
0     00009093  _ggFun74              
0     000090cf  _ggFun75              
0     0000910b  _ggFun76              
0     00009147  _ggFun77              
0     00009183  _ggFun78              
0     0000918f  _ggFun79              
0     0000919b  _ggFun80              
0     000091a7  _ggFun81              
0     000091b3  _ggFun82              
0     000091bf  _ggFun83              
0     000091cb  _ggFun84              
0     000091d7  _ggFun85              
0     000091e3  _ggFun86              
0     000091ef  _ggFun87              
0     000091fb  _ggFun88              
0     00009201  _ggFun89              
0     00009207  _ggFun90              
0     0000921e  _ggFun91              
0     00009232  _ggFun92              
0     00009246  _ggFun93              
0     0000925a  _ggFun94              
0     0000926e  _ggFun95              
0     00009282  _ggFun96              
0     00009296  _ggFun97              
0     000092cf  _ggFun98              
0     00009300  _ggFun99              
0     00009327  _ggFun100             
0     00009352  _ggFun101             
0     00009374  _ggFun102             
0     00009396  _ggFun103             
0     000093db  _ggFun104             
0     000093fd  _ggFun105             
0     0000941f  _ggFun106             
0     00009464  _ggFun107             
0     00009469  _ggFun108             
0     0000946e  _ggFun109             
0     00009490  _ggFun110             
0     000094b2  _ggFun111             
0     000094f7  _ggFun112             
0     00009519  _ggFun113             
0     0000953b  _ggFun114             
0     00009580  _ggFun115             
0     00009585  _ggFun116             
0     0000958a  _ggFun117             
0     0000958f  _ggFun118             
0     00009594  _ggFun119             
0     00009599  _ggFun120             
0     0000959e  _ggFun121             
0     000095d5  _ggFun122             
0     0000960d  _ggExeCurrentScript   
0     00009634  _ggSciaSendUntilOver  
0     00009642  _ggWriteScriptToFlash 
0     00009700  _ggCommuWithPcSoftware
0     00009905  _ggADSample           
0     00009a1e  _ggLedSpark           
0     00009a49  _ggLoopForEver        
0     00009a61  _epwm1CallBack        
0     00009bda  _InitFlash            
0     00009bf5  _DSP28x_usDelay       
0     00320000  _RamfuncsLoadStart    
0     00321bf9  _RamfuncsLoadEnd      
0     0033c000  .text                 
0     0033c000  ___text__             
0     0033c000  _ggResetAllVar        
0     0033c055  _ggWriteExFlash       
0     0033c090  _ggEraseExFlash       
0     0033c0ef  _ggUserParaSetup      
0     0033c437  _ggEnableInt          
0     0033c44c  _MemCopy              
0     0033c461  _main                 
0     0033c496  _INT13_ISR            
0     0033c4a0  _INT14_ISR            
0     0033c4aa  _DATALOG_ISR          
0     0033c4b4  _RTOSINT_ISR          
0     0033c4be  _EMUINT_ISR           
0     0033c4c8  _NMI_ISR              
0     0033c4d2  _ILLEGAL_ISR          
0     0033c4dc  _USER1_ISR            
0     0033c4e6  _USER2_ISR            
0     0033c4f0  _USER3_ISR            
0     0033c4fa  _USER4_ISR            
0     0033c504  _USER5_ISR            
0     0033c50e  _USER6_ISR            
0     0033c518  _USER7_ISR            
0     0033c522  _USER8_ISR            
0     0033c52c  _USER9_ISR            
0     0033c536  _USER10_ISR           
0     0033c540  _USER11_ISR           
0     0033c54a  _USER12_ISR           
0     0033c554  _SEQ1INT_ISR          
0     0033c55e  _SEQ2INT_ISR          
0     0033c568  _XINT1_ISR            
0     0033c572  _XINT2_ISR            
0     0033c57c  _ADCINT_ISR           
0     0033c586  _TINT0_ISR            
0     0033c590  _WAKEINT_ISR          
0     0033c59a  _EPWM1_TZINT_ISR      
0     0033c5a4  _EPWM2_TZINT_ISR      
0     0033c5ae  _EPWM3_TZINT_ISR      
0     0033c5b8  _EPWM4_TZINT_ISR      
0     0033c5c2  _EPWM5_TZINT_ISR      
0     0033c5cc  _EPWM6_TZINT_ISR      
0     0033c5d6  _EPWM1_INT_ISR        
0     0033c5e0  _EPWM2_INT_ISR        
0     0033c5ea  _EPWM3_INT_ISR        
0     0033c5f4  _EPWM4_INT_ISR        
0     0033c5fe  _EPWM5_INT_ISR        
0     0033c608  _EPWM6_INT_ISR        
0     0033c612  _ECAP1_INT_ISR        
0     0033c61c  _ECAP2_INT_ISR        
0     0033c626  _ECAP3_INT_ISR        
0     0033c630  _ECAP4_INT_ISR        
0     0033c63a  _ECAP5_INT_ISR        
0     0033c644  _ECAP6_INT_ISR        
0     0033c64e  _EQEP1_INT_ISR        
0     0033c658  _EQEP2_INT_ISR        
0     0033c662  _SPIRXINTA_ISR        
0     0033c66c  _SPITXINTA_ISR        
0     0033c676  _MRINTB_ISR           
0     0033c680  _MXINTB_ISR           
0     0033c68a  _MRINTA_ISR           
0     0033c694  _MXINTA_ISR           
0     0033c69e  _DINTCH1_ISR          
0     0033c6a8  _DINTCH2_ISR          
0     0033c6b2  _DINTCH3_ISR          
0     0033c6bc  _DINTCH4_ISR          
0     0033c6c6  _DINTCH5_ISR          
0     0033c6d0  _DINTCH6_ISR          
0     0033c6da  _I2CINT1A_ISR         
0     0033c6e4  _I2CINT2A_ISR         
0     0033c6ee  _SCIRXINTC_ISR        
0     0033c6f8  _SCITXINTC_ISR        
0     0033c702  _SCIRXINTA_ISR        
0     0033c70c  _SCITXINTA_ISR        
0     0033c716  _SCIRXINTB_ISR        
0     0033c720  _SCITXINTB_ISR        
0     0033c72a  _ECAN0INTA_ISR        
0     0033c734  _ECAN1INTA_ISR        
0     0033c73e  _ECAN0INTB_ISR        
0     0033c748  _ECAN1INTB_ISR        
0     0033c752  _XINT3_ISR            
0     0033c75c  _XINT4_ISR            
0     0033c766  _XINT5_ISR            
0     0033c770  _XINT6_ISR            
0     0033c77a  _XINT7_ISR            
0     0033c784  _LVF_ISR              
0     0033c78e  _LUF_ISR              
0     0033c798  _EMPTY_ISR            
0     0033c7a5  _PIE_RESERVED         
0     0033c7af  _rsvd_ISR             
0     0033c7b9  _InitSysCtrl          
0     0033c7c2  _ServiceDog           
0     0033c7cc  _DisableDog           
0     0033c7d4  _InitPll              
0     0033c825  _InitPeripheralClocks 
0     0033c880  _CsmUnlock            
0     0033c8b1  FS$$DIV               
0     0033c939  _asin                 
0     0033c9b5  _acos                 
0     0033ca2b  _atan                 
0     0033ca9d  _tan                  
0     0033caff  _cos                  
0     0033cb60  _sin                  
0     0033cbb8  _c_int00              
0     0033cbfe  _InitPieCtrl          
0     0033cc1d  _EnableInterrupts     
0     0033cc26  _sqrt                 
0     0033cc4a  _InitPieVectTable     
0     0033cc6c  I$$DIV                
0     0033cc7d  I$$MOD                
0     0033cc8e  __args_main           
0     0033cca7  C$$EXIT               
0     0033cca7  _abort                
0     0033cca9  _exit                 
0     0033ccc0  _InitAdc              
0     0033ccd4  __register_unlock     
0     0033ccd8  __register_lock       
0     0033ccdc  __nop                 
0     0033cce5  ___cinit__            
0     0033cce5  ___etext__            
0     0033cce5  cinit                 
0     0033cce5  etext                 
0     0033ce4e  _PieVectTableInit     
0     0033fff6  code_start            
0     00380080  _ADC_cal              
1     00000400  __stack               
1     000007e8  __STACK_END           
1     00000880  _DevEmuRegs           
1     00000a80  _FlashRegs            
1     00000ae0  _CsmRegs              
1     00000b00  _AdcMirror            
1     00000b20  _XintfRegs            
1     00000c00  _CpuTimer0Regs        
1     00000c08  _CpuTimer1Regs        
1     00000c10  _CpuTimer2Regs        
1     00000ce0  _PieCtrlRegs          
1     00000d00  _PieVectTable         
1     00001000  _DmaRegs              
1     00005000  _McbspaRegs           
1     00005040  _McbspbRegs           
1     00006000  _ECanaRegs            
1     00006040  _ECanaLAMRegs         
1     00006080  _ECanaMOTSRegs        
1     000060c0  _ECanaMOTORegs        
1     00006100  _ECanaMboxes          
1     00006200  _ECanbRegs            
1     00006240  _ECanbLAMRegs         
1     00006280  _ECanbMOTSRegs        
1     000062c0  _ECanbMOTORegs        
1     00006300  _ECanbMboxes          
1     00006800  _EPwm1Regs            
1     00006840  _EPwm2Regs            
1     00006880  _EPwm3Regs            
1     000068c0  _EPwm4Regs            
1     00006900  _EPwm5Regs            
1     00006940  _EPwm6Regs            
1     00006a00  _ECap1Regs            
1     00006a20  _ECap2Regs            
1     00006a40  _ECap3Regs            
1     00006a60  _ECap4Regs            
1     00006a80  _ECap5Regs            
1     00006aa0  _ECap6Regs            
1     00006b00  _EQep1Regs            
1     00006b40  _EQep2Regs            
1     00006f80  _GpioCtrlRegs         
1     00006fc0  _GpioDataRegs         
1     00006fe0  _GpioIntRegs          
1     00007010  _SysCtrlRegs          
1     00007040  _SpiaRegs             
1     00007050  _SciaRegs             
1     00007070  _XIntruptRegs         
1     00007100  _AdcRegs              
1     00007750  _ScibRegs             
1     00007770  _ScicRegs             
1     00007900  _I2caRegs             
1     0000c000  _gScriptLineNum       
1     0000c006  _gScriptToRun         
1     0000c007  _gErrCode             
1     0000c008  _gPureVarNum          
1     0000c009  _gConstVarNum         
1     0000c00a  _gTsHappen            
1     0000c00b  _gnAdZeroCnt          
1     0000c094  _gAdSampleOffset      
1     0000c0c0  _gAdSampleValue       
1     0000c100  _gFunAddr             
1     0000c200  _gVar                 
1     0000c400  _gScript              
1     0000fe98  _CpuTimer1            
1     0000fea0  _CpuTimer2            
1     0000fea8  _CpuTimer0            
1     0000feb0  ___TI_cleanup_ptr     
1     0000feb2  ___TI_dtors_ptr       
1     0000feb4  __lock                
1     0000feb6  __unlock              
1     0000feb8  _errno                
1     0033fff8  _CsmPwl               
abs   000003e8  __STACK_SIZE          
abs   ffffffff  ___binit__            
abs   ffffffff  ___c_args__           
abs   ffffffff  ___pinit__            
abs   ffffffff  binit                 
abs   ffffffff  pinit                 

[347 symbols]
